
coherent: <n> = 2.0000
  f= 1000.0 Hz  kappa=  0.0002  QFI=   3.5820  N= 20  conv=True  (0.6s)
  f=  681.3 Hz  kappa=  0.0006  QFI=   3.5820  N= 20  conv=True  (0.8s)
  f=  464.2 Hz  kappa=  0.0021  QFI=   3.5820  N= 20  conv=True  (0.7s)
  f=  316.2 Hz  kappa=  0.0064  QFI=   3.5819  N= 20  conv=True  (0.7s)
  f=  215.4 Hz  kappa=  0.0167  QFI=   3.5819  N= 20  conv=True  (0.7s)
  f=  146.8 Hz  kappa=  0.0400  QFI=   3.5814  N= 20  conv=True  (0.5s)
  f=  100.0 Hz  kappa=  0.0909  QFI=   3.5792  N= 20  conv=True  (0.5s)
  f=   68.1 Hz  kappa=  0.2008  QFI=   3.5687  N= 20  conv=True  (0.3s)
  f=   46.4 Hz  kappa=  0.4379  QFI=   3.5198  N= 20  conv=True  (0.5s)
  f=   31.6 Hz  kappa=  0.9488  QFI=   3.3078  N= 40  conv=True  (1.6s)
  f=   21.5 Hz  kappa=  2.0495  QFI=   2.5829  N=115  conv=True  (4.3s)
  f=   14.7 Hz  kappa=  4.4209  QFI=   1.2793  N=360  conv=True  (45.5s)
  f=   10.0 Hz  kappa=  9.5299  QFI=   0.3819  N=800  conv=False  (674.9s)

sqz_vac: <n> = 2.0000
  f= 1000.0 Hz  kappa=  0.0002  QFI=   0.4198  N= 70  conv=True  (50.7s)
  f=  681.3 Hz  kappa=  0.0006  QFI=   0.4198  N= 70  conv=True  (45.5s)
  f=  464.2 Hz  kappa=  0.0021  QFI=   0.4198  N= 70  conv=True  (69.5s)
  f=  316.2 Hz  kappa=  0.0064  QFI=   0.4198  N= 70  conv=True  (83.7s)
  f=  215.4 Hz  kappa=  0.0167  QFI=   0.4198  N= 70  conv=True  (64.8s)
  f=  146.8 Hz  kappa=  0.0400  QFI=   0.4198  N= 70  conv=True  (45.4s)
  f=  100.0 Hz  kappa=  0.0909  QFI=   0.4198  N= 70  conv=True  (75.7s)
  f=   68.1 Hz  kappa=  0.2008  QFI=   0.4197  N= 70  conv=True  (66.7s)
  f=   46.4 Hz  kappa=  0.4379  QFI=   0.4193  N= 70  conv=True  (72.2s)
  f=   31.6 Hz  kappa=  0.9488  QFI=   0.4173  N= 70  conv=True  (66.9s)
  f=   21.5 Hz  kappa=  2.0495  QFI=   0.4083  N= 70  conv=True  (86.2s)
  f=   14.7 Hz  kappa=  4.4209  QFI=   0.3711  N= 70  conv=True  (75.2s)
  f=   10.0 Hz  kappa=  9.5299  QFI=   0.2607  N=145  conv=True  (160.2s)

cat: <n> = 2.0000
  f= 1000.0 Hz  kappa=  0.0002  QFI=  10.7954  N= 20  conv=True  (22.7s)
  f=  681.3 Hz  kappa=  0.0006  QFI=  10.7954  N= 20  conv=True  (9.6s)
  f=  464.2 Hz  kappa=  0.0021  QFI=  10.7954  N= 20  conv=True  (2.6s)
  f=  316.2 Hz  kappa=  0.0064  QFI=  10.7952  N= 20  conv=True  (5.3s)
  f=  215.4 Hz  kappa=  0.0167  QFI=  10.7938  N= 20  conv=True  (22.9s)
  f=  146.8 Hz  kappa=  0.0400  QFI=  10.7859  N= 20  conv=True  (23.1s)
  f=  100.0 Hz  kappa=  0.0909  QFI=  10.7464  N= 20  conv=True  (10.0s)
  f=   68.1 Hz  kappa=  0.2008  QFI=  10.5599  N= 20  conv=True  (17.9s)
  f=   46.4 Hz  kappa=  0.4379  QFI=   9.7540  N= 20  conv=True  (23.9s)
  f=   31.6 Hz  kappa=  0.9488  QFI=   7.1637  N= 40  conv=True  (44.9s)
  f=   21.5 Hz  kappa=  2.0495  QFI=   3.4693  N=115  conv=True  (129.0s)
  f=   14.7 Hz  kappa=  4.4209  QFI=   1.3367  N=360  conv=True  (302.8s)
  f=   10.0 Hz  kappa=  9.5299  QFI=   0.3802  N=800  conv=False  (1322.6s)

sqz_cat: <n> = 2.0000
  f= 1000.0 Hz  kappa=  0.0002  QFI=   9.2443  N= 70  conv=True  (48.0s)
  f=  681.3 Hz  kappa=  0.0006  QFI=   9.2443  N= 50  conv=True  (49.7s)
  f=  464.2 Hz  kappa=  0.0021  QFI=   9.2451  N= 30  conv=True  (26.5s)
  f=  316.2 Hz  kappa=  0.0064  QFI=   9.2441  N= 70  conv=True  (43.0s)
  f=  215.4 Hz  kappa=  0.0167  QFI=   9.2434  N= 50  conv=True  (53.3s)
  f=  146.8 Hz  kappa=  0.0400  QFI=   9.2402  N= 30  conv=True  (8.2s)
  f=  100.0 Hz  kappa=  0.0909  QFI=   9.2196  N= 70  conv=True  (58.5s)
  f=   68.1 Hz  kappa=  0.2008  QFI=   9.1263  N= 50  conv=True  (36.0s)
  f=   46.4 Hz  kappa=  0.4379  QFI=   8.7119  N= 50  conv=True  (10.2s)
  f=   31.6 Hz  kappa=  0.9488  QFI=   7.0901  N= 50  conv=True  (50.8s)
  f=   21.5 Hz  kappa=  2.0495  QFI=   3.1223  N= 80  conv=True  (84.7s)
  f=   14.7 Hz  kappa=  4.4209  QFI=   0.6502  N=155  conv=True  (196.7s)
