
coherent: <n> = 5.0000
  f= 1000.0 Hz  kappa=  0.0002  QFI=   2.2031  N= 40  conv=True  (0.1s)
  f=  681.3 Hz  kappa=  0.0006  QFI=   2.2031  N= 40  conv=True  (0.0s)
  f=  464.2 Hz  kappa=  0.0021  QFI=   2.2031  N= 40  conv=True  (0.0s)
  f=  316.2 Hz  kappa=  0.0064  QFI=   2.2031  N= 40  conv=True  (0.0s)
  f=  215.4 Hz  kappa=  0.0167  QFI=   2.2031  N= 40  conv=True  (0.0s)
  f=  146.8 Hz  kappa=  0.0400  QFI=   2.2031  N= 40  conv=True  (0.0s)
  f=  100.0 Hz  kappa=  0.0909  QFI=   2.2031  N= 40  conv=True  (0.0s)
  f=   68.1 Hz  kappa=  0.2008  QFI=   2.2031  N= 40  conv=True  (0.0s)
  f=   46.4 Hz  kappa=  0.4379  QFI=   2.2031  N= 40  conv=True  (0.0s)
  f=   31.6 Hz  kappa=  0.9488  QFI=   2.2031  N= 40  conv=True  (0.0s)
  f=   21.5 Hz  kappa=  2.0495  QFI=   2.2031  N= 40  conv=True  (0.0s)
  f=   14.7 Hz  kappa=  4.4209  QFI=   2.2031  N= 40  conv=True  (0.0s)
  f=   10.0 Hz  kappa=  9.5299  QFI=   2.2031  N= 40  conv=True  (0.0s)

sqz_vac: <n> = 5.0000
  f= 1000.0 Hz  kappa=  0.0002  QFI=   0.8061  N=183  conv=True  (3.7s)
  f=  681.3 Hz  kappa=  0.0006  QFI=   0.8061  N=183  conv=True  (0.0s)
  f=  464.2 Hz  kappa=  0.0021  QFI=   0.8061  N=183  conv=True  (0.0s)
  f=  316.2 Hz  kappa=  0.0064  QFI=   0.8061  N=183  conv=True  (0.0s)
  f=  215.4 Hz  kappa=  0.0167  QFI=   0.8061  N=183  conv=True  (0.0s)
  f=  146.8 Hz  kappa=  0.0400  QFI=   0.8061  N=183  conv=True  (0.0s)
  f=  100.0 Hz  kappa=  0.0909  QFI=   0.8061  N=183  conv=True  (0.0s)
  f=   68.1 Hz  kappa=  0.2008  QFI=   0.8061  N=183  conv=True  (0.0s)
  f=   46.4 Hz  kappa=  0.4379  QFI=   0.8061  N=183  conv=True  (0.0s)
  f=   31.6 Hz  kappa=  0.9488  QFI=   0.8061  N=183  conv=True  (0.0s)
  f=   21.5 Hz  kappa=  2.0495  QFI=   0.8061  N=183  conv=True  (0.0s)
  f=   14.7 Hz  kappa=  4.4209  QFI=   0.8061  N=183  conv=True  (0.0s)
  f=   10.0 Hz  kappa=  9.5299  QFI=   0.8061  N=183  conv=True  (0.0s)

sqz_vac_p: <n> = 5.0000
  f= 1000.0 Hz  kappa=  0.0002  QFI=  17.7375  N=183  conv=True  (1.9s)
  f=  681.3 Hz  kappa=  0.0006  QFI=  17.7375  N=183  conv=True  (0.0s)
  f=  464.2 Hz  kappa=  0.0021  QFI=  17.7375  N=183  conv=True  (0.0s)
  f=  316.2 Hz  kappa=  0.0064  QFI=  17.7375  N=183  conv=True  (0.0s)
  f=  215.4 Hz  kappa=  0.0167  QFI=  17.7375  N=183  conv=True  (0.0s)
  f=  146.8 Hz  kappa=  0.0400  QFI=  17.7375  N=183  conv=True  (0.0s)
  f=  100.0 Hz  kappa=  0.0909  QFI=  17.7375  N=183  conv=True  (0.0s)
  f=   68.1 Hz  kappa=  0.2008  QFI=  17.7375  N=183  conv=True  (0.0s)
  f=   46.4 Hz  kappa=  0.4379  QFI=  17.7375  N=183  conv=True  (0.0s)
  f=   31.6 Hz  kappa=  0.9488  QFI=  17.7375  N=183  conv=True  (0.0s)
  f=   21.5 Hz  kappa=  2.0495  QFI=  17.7375  N=183  conv=True  (0.0s)
  f=   14.7 Hz  kappa=  4.4209  QFI=  17.7375  N=183  conv=True  (0.0s)
  f=   10.0 Hz  kappa=  9.5299  QFI=  17.7375  N=183  conv=True  (0.0s)

cat: <n> = 5.0000
  f= 1000.0 Hz  kappa=  0.0002  QFI=  28.0530  N= 40  conv=True  (0.3s)
  f=  681.3 Hz  kappa=  0.0006  QFI=  28.0530  N= 40  conv=True  (0.0s)
  f=  464.2 Hz  kappa=  0.0021  QFI=  28.0530  N= 40  conv=True  (0.0s)
  f=  316.2 Hz  kappa=  0.0064  QFI=  28.0530  N= 40  conv=True  (0.0s)
  f=  215.4 Hz  kappa=  0.0167  QFI=  28.0530  N= 40  conv=True  (0.0s)
  f=  146.8 Hz  kappa=  0.0400  QFI=  28.0530  N= 40  conv=True  (0.0s)
  f=  100.0 Hz  kappa=  0.0909  QFI=  28.0530  N= 40  conv=True  (0.0s)
  f=   68.1 Hz  kappa=  0.2008  QFI=  28.0530  N= 40  conv=True  (0.0s)
  f=   46.4 Hz  kappa=  0.4379  QFI=  28.0530  N= 40  conv=True  (0.0s)
  f=   31.6 Hz  kappa=  0.9488  QFI=  28.0530  N= 40  conv=True  (0.0s)
  f=   21.5 Hz  kappa=  2.0495  QFI=  28.0530  N= 40  conv=True  (0.0s)
  f=   14.7 Hz  kappa=  4.4209  QFI=  28.0530  N= 40  conv=True  (0.0s)
  f=   10.0 Hz  kappa=  9.5299  QFI=  28.0530  N= 40  conv=True  (0.0s)

sqz_cat: <n> = 5.0000
  f= 1000.0 Hz  kappa=  0.0002  QFI=  24.2520  N=115  conv=True  (2.0s)
  f=  681.3 Hz  kappa=  0.0006  QFI=  24.2520  N=115  conv=True  (0.0s)
  f=  464.2 Hz  kappa=  0.0021  QFI=  24.2520  N=115  conv=True  (0.0s)
  f=  316.2 Hz  kappa=  0.0064  QFI=  24.2520  N=115  conv=True  (0.0s)
  f=  215.4 Hz  kappa=  0.0167  QFI=  24.2520  N=115  conv=True  (0.0s)
  f=  146.8 Hz  kappa=  0.0400  QFI=  24.2520  N=115  conv=True  (0.0s)
  f=  100.0 Hz  kappa=  0.0909  QFI=  24.2520  N=115  conv=True  (0.0s)
  f=   68.1 Hz  kappa=  0.2008  QFI=  24.2520  N=115  conv=True  (0.0s)
  f=   46.4 Hz  kappa=  0.4379  QFI=  24.2520  N=115  conv=True  (0.0s)
  f=   31.6 Hz  kappa=  0.9488  QFI=  24.2520  N=115  conv=True  (0.0s)
  f=   21.5 Hz  kappa=  2.0495  QFI=  24.2520  N=115  conv=True  (0.0s)
  f=   14.7 Hz  kappa=  4.4209  QFI=  24.2520  N=115  conv=True  (0.0s)
  f=   10.0 Hz  kappa=  9.5299  QFI=  24.2520  N=115  conv=True  (0.0s)

fock: <n> = 5.0000
  f= 1000.0 Hz  kappa=  0.0002  QFI=  26.4196  N= 20  conv=True  (0.0s)
  f=  681.3 Hz  kappa=  0.0006  QFI=  26.4196  N= 20  conv=True  (0.0s)
  f=  464.2 Hz  kappa=  0.0021  QFI=  26.4196  N= 20  conv=True  (0.0s)
  f=  316.2 Hz  kappa=  0.0064  QFI=  26.4196  N= 20  conv=True  (0.0s)
  f=  215.4 Hz  kappa=  0.0167  QFI=  26.4196  N= 20  conv=True  (0.0s)
  f=  146.8 Hz  kappa=  0.0400  QFI=  26.4196  N= 20  conv=True  (0.0s)
  f=  100.0 Hz  kappa=  0.0909  QFI=  26.4196  N= 20  conv=True  (0.0s)
  f=   68.1 Hz  kappa=  0.2008  QFI=  26.4196  N= 20  conv=True  (0.0s)
  f=   46.4 Hz  kappa=  0.4379  QFI=  26.4196  N= 20  conv=True  (0.0s)
  f=   31.6 Hz  kappa=  0.9488  QFI=  26.4196  N= 20  conv=True  (0.0s)
  f=   21.5 Hz  kappa=  2.0495  QFI=  26.4196  N= 20  conv=True  (0.0s)
  f=   14.7 Hz  kappa=  4.4209  QFI=  26.4196  N= 20  conv=True  (0.0s)
  f=   10.0 Hz  kappa=  9.5299  QFI=  26.4196  N= 20  conv=True  (0.0s)

opt_fock_sup: <n> = 5.0000
  f= 1000.0 Hz  kappa=  0.0002  QFI=   5.4884  N= 20  conv=True  (0.0s)
  f=  681.3 Hz  kappa=  0.0006  QFI=   5.4884  N= 20  conv=True  (0.0s)
  f=  464.2 Hz  kappa=  0.0021  QFI=   5.4884  N= 20  conv=True  (0.0s)
  f=  316.2 Hz  kappa=  0.0064  QFI=   5.4884  N= 20  conv=True  (0.0s)
  f=  215.4 Hz  kappa=  0.0167  QFI=   5.4884  N= 20  conv=True  (0.0s)
  f=  146.8 Hz  kappa=  0.0400  QFI=   5.4884  N= 20  conv=True  (0.0s)
  f=  100.0 Hz  kappa=  0.0909  QFI=   5.4884  N= 20  conv=True  (0.0s)
  f=   68.1 Hz  kappa=  0.2008  QFI=   5.4884  N= 20  conv=True  (0.0s)
  f=   46.4 Hz  kappa=  0.4379  QFI=   5.4884  N= 20  conv=True  (0.0s)
  f=   31.6 Hz  kappa=  0.9488  QFI=   5.4884  N= 20  conv=True  (0.0s)
  f=   21.5 Hz  kappa=  2.0495  QFI=   5.4884  N= 20  conv=True  (0.0s)
  f=   14.7 Hz  kappa=  4.4209  QFI=   5.4884  N= 20  conv=True  (0.0s)
  f=   10.0 Hz  kappa=  9.5299  QFI=   5.4884  N= 20  conv=True  (0.0s)

opt_matched: <n> = 5.0000
  f= 1000.0 Hz  kappa=  0.0002  QFI=  15.8804  N= 20  conv=True  (0.2s)
  f=  681.3 Hz  kappa=  0.0006  QFI=  15.8804  N= 20  conv=True  (0.0s)
  f=  464.2 Hz  kappa=  0.0021  QFI=  15.8804  N= 20  conv=True  (0.0s)
  f=  316.2 Hz  kappa=  0.0064  QFI=  15.8804  N= 20  conv=True  (0.0s)
  f=  215.4 Hz  kappa=  0.0167  QFI=  15.8804  N= 20  conv=True  (0.0s)
  f=  146.8 Hz  kappa=  0.0400  QFI=  15.8804  N= 20  conv=True  (0.0s)
  f=  100.0 Hz  kappa=  0.0909  QFI=  15.8804  N= 20  conv=True  (0.0s)
  f=   68.1 Hz  kappa=  0.2008  QFI=  15.8804  N= 20  conv=True  (0.0s)
  f=   46.4 Hz  kappa=  0.4379  QFI=  15.8804  N= 20  conv=True  (0.0s)
  f=   31.6 Hz  kappa=  0.9488  QFI=  15.8804  N= 20  conv=True  (0.0s)
  f=   21.5 Hz  kappa=  2.0495  QFI=  15.8804  N= 20  conv=True  (0.0s)
  f=   14.7 Hz  kappa=  4.4209  QFI=  15.8804  N= 20  conv=True  (0.0s)
  f=   10.0 Hz  kappa=  9.5299  QFI=  15.8804  N= 20  conv=True  (0.0s)
figure -> /home/user/LIGO-backaction-simulation/2026-09-07/quantum_sensing/studies/results/ba1_qfi_vs_frequency_paper_pn_noba.png
figure -> /home/user/LIGO-backaction-simulation/2026-09-07/quantum_sensing/studies/results/strain_sql_paper_pn_noba.png
