===== injection only=opt_fock_sup =====

opt_fock_sup: <n> = 2.0000
  f= 1000.0 Hz  kappa=  0.0002  QFI=  15.5970  N= 20  conv=True  (0.1s)
  f=  681.3 Hz  kappa=  0.0006  QFI=  15.5970  N= 20  conv=True  (0.2s)
  f=  464.2 Hz  kappa=  0.0021  QFI=  15.5970  N= 20  conv=True  (0.1s)
  f=  316.2 Hz  kappa=  0.0064  QFI=  15.5970  N= 20  conv=True  (0.1s)
  f=  215.4 Hz  kappa=  0.0167  QFI=  15.5970  N= 20  conv=True  (0.1s)
  f=  146.8 Hz  kappa=  0.0400  QFI=  15.5970  N= 20  conv=True  (0.2s)
  f=  100.0 Hz  kappa=  0.0909  QFI=  15.5970  N= 20  conv=True  (0.1s)
  f=   68.1 Hz  kappa=  0.2008  QFI=  15.5970  N= 20  conv=True  (0.4s)
  f=   46.4 Hz  kappa=  0.4379  QFI=  15.5970  N= 20  conv=True  (0.5s)
  f=   31.6 Hz  kappa=  0.9488  QFI=  15.5970  N= 20  conv=True  (0.6s)
  f=   21.5 Hz  kappa=  2.0495  QFI=  15.5970  N= 20  conv=True  (0.7s)
  f=   14.7 Hz  kappa=  4.4209  QFI=  15.5970  N= 20  conv=True  (0.4s)
  f=   10.0 Hz  kappa=  9.5299  QFI=  15.5970  N= 20  conv=True  (0.4s)

<n> scaling at 30 Hz (kappa = 1.055):
  opt_fock_sup  n=  1.0  QFI=  14.4297  N= 20  conv=True
  opt_fock_sup  n=  2.0  QFI=  15.5970  N= 20  conv=True
  opt_fock_sup  n=  5.0  QFI=  13.8041  N= 20  conv=True
  opt_fock_sup  n= 10.0  QFI=   6.8679  N= 20  conv=True

QFI ~ n^s exponents:
  Coherent           s = -0.000
  Sqz. vac. (x, wrong angle) s = -0.852
  Squeezed vac. (p)  s = 0.322
  Even cat           s = -0.320
  Squeezed cat       s = 0.289
  Fock               s = 0.341
  Optimized (no-BA, lossless) s = -0.297
figure -> /home/user/LIGO-backaction-simulation/2026-09-07/quantum_sensing/studies/results/ba1_qfi_vs_frequency_injection.png
===== ba2_injection only=opt_fock_sup =====

opt_fock_sup: <n> = 2.0000
  f= 1000.0 Hz  kappa=  0.0002  QFI=  15.5970  N= 20  conv=True  (0.2s)
  f=  681.3 Hz  kappa=  0.0006  QFI=  15.5970  N= 20  conv=True  (0.3s)
  f=  464.2 Hz  kappa=  0.0021  QFI=  15.5970  N= 20  conv=True  (0.3s)
  f=  316.2 Hz  kappa=  0.0064  QFI=  15.5970  N= 20  conv=True  (0.1s)
  f=  215.4 Hz  kappa=  0.0167  QFI=  15.5970  N= 20  conv=True  (0.0s)
  f=  146.8 Hz  kappa=  0.0400  QFI=  15.5970  N= 20  conv=True  (0.0s)
  f=  100.0 Hz  kappa=  0.0909  QFI=  15.5970  N= 20  conv=True  (0.2s)
  f=   68.1 Hz  kappa=  0.2008  QFI=  15.5970  N= 20  conv=True  (0.1s)
  f=   46.4 Hz  kappa=  0.4379  QFI=  15.5970  N= 20  conv=True  (0.2s)
  f=   31.6 Hz  kappa=  0.9488  QFI=  15.5970  N= 20  conv=True  (0.3s)
  f=   21.5 Hz  kappa=  2.0495  QFI=  15.5970  N= 20  conv=True  (0.0s)
  f=   14.7 Hz  kappa=  4.4209  QFI=  15.5970  N= 20  conv=True  (0.1s)
  f=   10.0 Hz  kappa=  9.5299  QFI=  15.5970  N= 20  conv=True  (0.7s)

<n> scaling at 30 Hz (kappa = 1.055):
  opt_fock_sup  n=  1.0  QFI=  14.4297  N= 20  conv=True
  opt_fock_sup  n=  2.0  QFI=  15.5970  N= 20  conv=True
  opt_fock_sup  n=  5.0  QFI=  13.8041  N= 20  conv=True
  opt_fock_sup  n= 10.0  QFI=   6.8679  N= 20  conv=True

QFI ~ n^s exponents:
  Coherent           s = -0.000
  Sqz. vac. (x, wrong angle) s = -0.852
  Squeezed vac. (p)  s = 0.322
  Even cat           s = -0.320
  Squeezed cat       s = 0.289
  Fock               s = 0.341
  Optimized (no-BA, lossless) s = -0.297
figure -> /home/user/LIGO-backaction-simulation/2026-09-07/quantum_sensing/studies/results/ba1_qfi_vs_frequency_ba2_injection.png
===== detection only=opt_fock_sup =====

opt_fock_sup: <n> = 2.0000
  f= 1000.0 Hz  kappa=  0.0002  QFI=  14.0373  N= 20  conv=True  (0.0s)
  f=  681.3 Hz  kappa=  0.0006  QFI=  14.0373  N= 20  conv=True  (0.0s)
  f=  464.2 Hz  kappa=  0.0021  QFI=  14.0373  N= 20  conv=True  (0.0s)
  f=  316.2 Hz  kappa=  0.0064  QFI=  14.0370  N= 20  conv=True  (0.0s)
  f=  215.4 Hz  kappa=  0.0167  QFI=  14.0352  N= 20  conv=True  (0.0s)
  f=  146.8 Hz  kappa=  0.0400  QFI=  14.0253  N= 20  conv=True  (0.0s)
  f=  100.0 Hz  kappa=  0.0909  QFI=  13.9754  N= 20  conv=True  (0.1s)
  f=   68.1 Hz  kappa=  0.2008  QFI=  13.7383  N= 20  conv=True  (0.1s)
  f=   46.4 Hz  kappa=  0.4379  QFI=  12.6931  N= 20  conv=True  (0.3s)
  f=   31.6 Hz  kappa=  0.9488  QFI=   9.0733  N= 40  conv=True  (0.3s)
  f=   21.5 Hz  kappa=  2.0495  QFI=   3.3664  N= 70  conv=True  (2.2s)
  f=   14.7 Hz  kappa=  4.4209  QFI=   1.0868  N=315  conv=True  (19.8s)
  f=   10.0 Hz  kappa=  9.5299  QFI=   0.3891  N=800  conv=False  (78.0s)

<n> scaling at 30 Hz (kappa = 1.055):
  opt_fock_sup  n=  1.0  QFI=   8.9609  N= 40  conv=True
  opt_fock_sup  n=  2.0  QFI=   8.2910  N= 40  conv=True
  opt_fock_sup  n=  5.0  QFI=   4.9299  N= 70  conv=True
  opt_fock_sup  n= 10.0  QFI=   3.3601  N= 70  conv=True

QFI ~ n^s exponents:
  Coherent           s = -0.000
  Sqz. vac. (x, wrong angle) s = -0.847
  Squeezed vac. (p)  s = 0.194
  Even cat           s = -0.432
  Squeezed cat       s = 0.166
  Fock               s = 0.375
  Optimized (no-BA, lossless) s = -0.445
figure -> /home/user/LIGO-backaction-simulation/2026-09-07/quantum_sensing/studies/results/ba1_qfi_vs_frequency.png

WARNING: 4 unconverged frequency sweep points (N_max=800):
       state  f_hz  kappa_ba      qfi  N_basis  converged  n_target  eta_out loss_config  eta
    coherent  10.0   9.52988 0.391621      800      False       2.0      0.9         NaN  NaN
         cat  10.0   9.52988 0.484967      800      False       2.0      0.9         NaN  NaN
        fock  10.0   9.52988 0.516913      800      False       2.0      0.9         NaN  NaN
opt_fock_sup  10.0   9.52988 0.389054      800      False       2.0      NaN   detection  0.9
===== ba2_detection only=opt_fock_sup =====

opt_fock_sup: <n> = 2.0000
  f= 1000.0 Hz  kappa=  0.0002  QFI=  14.0373  N= 20  conv=True  (0.3s)
  f=  681.3 Hz  kappa=  0.0006  QFI=  14.0373  N= 20  conv=True  (0.1s)
  f=  464.2 Hz  kappa=  0.0021  QFI=  14.0373  N= 20  conv=True  (0.1s)
  f=  316.2 Hz  kappa=  0.0064  QFI=  14.0370  N= 20  conv=True  (0.3s)
  f=  215.4 Hz  kappa=  0.0167  QFI=  14.0352  N= 20  conv=True  (0.2s)
  f=  146.8 Hz  kappa=  0.0400  QFI=  14.0253  N= 20  conv=True  (0.1s)
  f=  100.0 Hz  kappa=  0.0909  QFI=  13.9754  N= 20  conv=True  (0.3s)
  f=   68.1 Hz  kappa=  0.2008  QFI=  13.7383  N= 20  conv=True  (0.3s)
  f=   46.4 Hz  kappa=  0.4379  QFI=  12.6931  N= 20  conv=True  (0.3s)
  f=   31.6 Hz  kappa=  0.9488  QFI=   9.0733  N= 40  conv=True  (0.8s)
  f=   21.5 Hz  kappa=  2.0495  QFI=   3.3664  N= 70  conv=True  (1.3s)
  f=   14.7 Hz  kappa=  4.4209  QFI=   1.0868  N=315  conv=True  (22.4s)
  f=   10.0 Hz  kappa=  9.5299  QFI=   0.3891  N=800  conv=False  (77.8s)

<n> scaling at 30 Hz (kappa = 1.055):
  opt_fock_sup  n=  1.0  QFI=   8.9609  N= 40  conv=True
  opt_fock_sup  n=  2.0  QFI=   8.2910  N= 40  conv=True
  opt_fock_sup  n=  5.0  QFI=   4.9299  N= 70  conv=True
  opt_fock_sup  n= 10.0  QFI=   3.3601  N= 70  conv=True

QFI ~ n^s exponents:
  Coherent           s = -0.000
  Sqz. vac. (x, wrong angle) s = -0.847
  Squeezed vac. (p)  s = 0.194
  Even cat           s = -0.432
  Squeezed cat       s = 0.166
  Fock               s = 0.375
  Optimized (no-BA, lossless) s = -0.445
figure -> /home/user/LIGO-backaction-simulation/2026-09-07/quantum_sensing/studies/results/ba1_qfi_vs_frequency_ba2_detection.png

WARNING: 4 unconverged frequency sweep points (N_max=800):
       state  f_hz  kappa_ba      qfi  N_basis  converged  n_target   loss_config  eta
    coherent  10.0   9.52988 0.391621      800      False       2.0 ba2_detection  0.9
         cat  10.0   9.52988 0.484967      800      False       2.0 ba2_detection  0.9
        fock  10.0   9.52988 0.516913      800      False       2.0 ba2_detection  0.9
opt_fock_sup  10.0   9.52988 0.389054      800      False       2.0 ba2_detection  0.9
===== pn_ba1_detection only=opt_fock_sup =====

opt_fock_sup: <n> = 2.0000
  f= 1000.0 Hz  kappa=  0.0002  QFI=  13.9319  N= 20  conv=True  (0.2s)
  f=  681.3 Hz  kappa=  0.0006  QFI=  13.9319  N= 20  conv=True  (0.2s)
  f=  464.2 Hz  kappa=  0.0021  QFI=  13.9318  N= 20  conv=True  (0.2s)
  f=  316.2 Hz  kappa=  0.0064  QFI=  13.9316  N= 20  conv=True  (0.2s)
  f=  215.4 Hz  kappa=  0.0167  QFI=  13.9298  N= 20  conv=True  (0.2s)
  f=  146.8 Hz  kappa=  0.0400  QFI=  13.9199  N= 20  conv=True  (0.2s)
  f=  100.0 Hz  kappa=  0.0909  QFI=  13.8704  N= 20  conv=True  (0.7s)
  f=   68.1 Hz  kappa=  0.2008  QFI=  13.6355  N= 20  conv=True  (0.0s)
  f=   46.4 Hz  kappa=  0.4379  QFI=  12.5995  N= 20  conv=True  (0.7s)
  f=   31.6 Hz  kappa=  0.9488  QFI=   9.0105  N= 40  conv=True  (0.8s)
  f=   21.5 Hz  kappa=  2.0495  QFI=   3.3464  N= 70  conv=True  (1.1s)
  f=   14.7 Hz  kappa=  4.4209  QFI=   1.0821  N=315  conv=True  (20.9s)
  f=   10.0 Hz  kappa=  9.5299  QFI=   0.3857  N=800  conv=False  (77.7s)

<n> scaling at 30 Hz (kappa = 1.055):
  opt_fock_sup  n=  1.0  QFI=   8.5981  N= 40  conv=True
  opt_fock_sup  n=  2.0  QFI=   8.2341  N= 40  conv=True
  opt_fock_sup  n=  5.0  QFI=   4.5395  N= 70  conv=True
  opt_fock_sup  n= 10.0  QFI=   2.9246  N= 70  conv=True

QFI ~ n^s exponents:
  Coherent           s = -0.106
  Sqz. vac. (x, wrong angle) s = -0.607
  Squeezed vac. (p)  s = -0.007
  Even cat           s = -0.528
  Squeezed cat       s = -0.052
  Fock               s = 0.375
  Optimized (no-BA, lossless) s = -0.493
figure -> /home/user/LIGO-backaction-simulation/2026-09-07/quantum_sensing/studies/results/ba1_qfi_vs_frequency_pn_ba1_detection.png

WARNING: 7 unconverged frequency sweep points (N_max=800):
       state  f_hz  kappa_ba      qfi  N_basis  converged  n_target      loss_config  eta
    coherent  10.0   9.52988 0.388618      800      False       2.0 pn_ba1_detection  0.9
     sqz_vac  10.0   9.52988 0.276567      800      False       2.0 pn_ba1_detection  0.9
         cat  10.0   9.52988 0.474806      800      False       2.0 pn_ba1_detection  0.9
     sqz_cat  10.0   9.52988 0.332950      800      False       2.0 pn_ba1_detection  0.9
        fock  10.0   9.52988 0.516913      800      False       2.0 pn_ba1_detection  0.9
   sqz_vac_p  10.0   9.52988 0.434330     1700      False       2.0 pn_ba1_detection  0.9
opt_fock_sup  10.0   9.52988 0.385680      800      False       2.0 pn_ba1_detection  0.9
===== paper_pn_noba only=opt_fock_sup =====

opt_fock_sup: <n> = 5.0000
  f= 1000.0 Hz  kappa=  0.0002  QFI=  28.1471  N= 20  conv=True  (0.0s)
  f=  681.3 Hz  kappa=  0.0006  QFI=  28.1471  N= 20  conv=True  (0.0s)
  f=  464.2 Hz  kappa=  0.0021  QFI=  28.1471  N= 20  conv=True  (0.0s)
  f=  316.2 Hz  kappa=  0.0064  QFI=  28.1471  N= 20  conv=True  (0.0s)
  f=  215.4 Hz  kappa=  0.0167  QFI=  28.1471  N= 20  conv=True  (0.0s)
  f=  146.8 Hz  kappa=  0.0400  QFI=  28.1471  N= 20  conv=True  (0.0s)
  f=  100.0 Hz  kappa=  0.0909  QFI=  28.1471  N= 20  conv=True  (0.0s)
  f=   68.1 Hz  kappa=  0.2008  QFI=  28.1471  N= 20  conv=True  (0.0s)
  f=   46.4 Hz  kappa=  0.4379  QFI=  28.1471  N= 20  conv=True  (0.0s)
  f=   31.6 Hz  kappa=  0.9488  QFI=  28.1471  N= 20  conv=True  (0.0s)
  f=   21.5 Hz  kappa=  2.0495  QFI=  28.1471  N= 20  conv=True  (0.0s)
  f=   14.7 Hz  kappa=  4.4209  QFI=  28.1471  N= 20  conv=True  (0.0s)
  f=   10.0 Hz  kappa=  9.5299  QFI=  28.1471  N= 20  conv=True  (0.0s)
figure -> /home/user/LIGO-backaction-simulation/2026-09-07/quantum_sensing/studies/results/ba1_qfi_vs_frequency_paper_pn_noba.png
===== ba3_full only=opt_fock_sup =====

opt_fock_sup: <n> = 2.0000
  f= 1000.0 Hz  kappa=  0.0002  QFI=   9.9260  N= 20  conv=True  (0.4s)
  f=  681.3 Hz  kappa=  0.0006  QFI=   9.9260  N= 20  conv=True  (0.4s)
  f=  464.2 Hz  kappa=  0.0021  QFI=   9.9260  N= 20  conv=True  (0.4s)
  f=  316.2 Hz  kappa=  0.0064  QFI=   9.9258  N= 20  conv=True  (0.4s)
  f=  215.4 Hz  kappa=  0.0167  QFI=   9.9245  N= 20  conv=True  (0.4s)
  f=  146.8 Hz  kappa=  0.0400  QFI=   9.9171  N= 20  conv=True  (0.4s)
  f=  100.0 Hz  kappa=  0.0909  QFI=   9.8801  N= 20  conv=True  (0.4s)
  f=   68.1 Hz  kappa=  0.2008  QFI=   9.7051  N= 20  conv=True  (0.3s)
  f=   46.4 Hz  kappa=  0.4379  QFI=   8.9409  N= 20  conv=True  (0.2s)
  f=   31.6 Hz  kappa=  0.9488  QFI=   6.3541  N= 40  conv=True  (1.2s)
  f=   21.5 Hz  kappa=  2.0495  QFI=   2.4807  N= 70  conv=True  (3.0s)
  f=   14.7 Hz  kappa=  4.4209  QFI=   1.0012  N=213  conv=True  (24.7s)
  f=   10.0 Hz  kappa=  9.5299  QFI=   0.3728  N=800  conv=False  (141.4s)

<n> scaling at 30 Hz (kappa = 1.055):
  opt_fock_sup  n=  1.0  QFI=   7.6682  N= 40  conv=True
  opt_fock_sup  n=  2.0  QFI=   5.8050  N= 40  conv=True
  opt_fock_sup  n=  5.0  QFI=   3.6398  N= 70  conv=True
  opt_fock_sup  n= 10.0  QFI=   2.4960  N= 70  conv=True

QFI ~ n^s exponents:
  Coherent           s = -0.000
  Sqz. vac. (x, wrong angle) s = -0.842
  Squeezed vac. (p)  s = 0.154
  Even cat           s = -0.390
  Squeezed cat       s = -0.380
  Fock               s = 0.196
  Optimized (no-BA, lossless) s = -0.490
figure -> /home/user/LIGO-backaction-simulation/2026-09-07/quantum_sensing/studies/results/ba1_qfi_vs_frequency_ba3_full.png

WARNING: 4 unconverged frequency sweep points (N_max=800):
       state  f_hz  kappa_ba      qfi  N_basis  converged  n_target loss_config  eta
    coherent  10.0   9.52988 0.381906      800      False       2.0    ba3_full  0.9
         cat  10.0   9.52988 0.380209      800      False       2.0    ba3_full  0.9
        fock  10.0   9.52988 0.411593      800      False       2.0    ba3_full  0.9
opt_fock_sup  10.0   9.52988 0.372843      800      False       2.0    ba3_full  0.9
===== paper_pn_ba1 only=opt_fock_sup =====

opt_fock_sup: <n> = 5.0000
  f= 1000.0 Hz  kappa=  0.0002  QFI=  28.1471  N= 20  conv=True  (0.3s)
  f=  681.3 Hz  kappa=  0.0006  QFI=  28.1471  N= 20  conv=True  (0.0s)
  f=  464.2 Hz  kappa=  0.0021  QFI=  28.1470  N= 20  conv=True  (0.0s)
  f=  316.2 Hz  kappa=  0.0064  QFI=  28.1461  N= 20  conv=True  (0.0s)
  f=  215.4 Hz  kappa=  0.0167  QFI=  28.1405  N= 20  conv=True  (0.0s)
  f=  146.8 Hz  kappa=  0.0400  QFI=  28.1097  N= 20  conv=True  (0.3s)
  f=  100.0 Hz  kappa=  0.0909  QFI=  27.9550  N= 20  conv=True  (0.5s)
  f=   68.1 Hz  kappa=  0.2008  QFI=  27.2240  N= 20  conv=True  (0.2s)
  f=   46.4 Hz  kappa=  0.4379  QFI=  24.0756  N= 40  conv=True  (0.5s)
  f=   31.6 Hz  kappa=  0.9488  QFI=  14.2239  N= 70  conv=True  (0.7s)
  f=   21.5 Hz  kappa=  2.0495  QFI=   3.3068  N=145  conv=True  (5.5s)
  f=   14.7 Hz  kappa=  4.4209  QFI=   1.3548  N=390  conv=True  (27.3s)
  f=   10.0 Hz  kappa=  9.5299  QFI=   0.5990  N=1600  conv=False  (490.5s)
figure -> /home/user/LIGO-backaction-simulation/2026-09-07/quantum_sensing/studies/results/ba1_qfi_vs_frequency_paper_pn_ba1.png

WARNING: 8 unconverged frequency sweep points (N_max=1600):
       state      f_hz  kappa_ba      qfi  N_basis  converged  n_target  loss_config  eta
    coherent 10.000000  9.529880 0.628604     1800      False       5.0 paper_pn_ba1  0.9
     sqz_vac 10.000000  9.529880 0.359057     1800      False       5.0 paper_pn_ba1  0.9
   sqz_vac_p 14.677993  4.420859 2.436365     1800      False       5.0 paper_pn_ba1  0.9
   sqz_vac_p 10.000000  9.529880 1.242463     1800      False       5.0 paper_pn_ba1  0.9
         cat 10.000000  9.529880 0.629707     1800      False       5.0 paper_pn_ba1  0.9
     sqz_cat 10.000000  9.529880 0.390924     1800      False       5.0 paper_pn_ba1  0.9
        fock 10.000000  9.529880 1.077981     1800      False       5.0 paper_pn_ba1  0.9
opt_fock_sup 10.000000  9.529880 0.598971     1600      False       5.0 paper_pn_ba1  0.9
===== paper_pn_noba only=opt_matched =====

opt_matched: <n> = 5.0000
  f= 1000.0 Hz  kappa=  0.0002  QFI=  29.6218  N= 20  conv=True  (0.1s)
  f=  681.3 Hz  kappa=  0.0006  QFI=  29.6218  N= 20  conv=True  (0.0s)
  f=  464.2 Hz  kappa=  0.0021  QFI=  29.6218  N= 20  conv=True  (0.0s)
  f=  316.2 Hz  kappa=  0.0064  QFI=  29.6218  N= 20  conv=True  (0.0s)
  f=  215.4 Hz  kappa=  0.0167  QFI=  29.6218  N= 20  conv=True  (0.0s)
  f=  146.8 Hz  kappa=  0.0400  QFI=  29.6218  N= 20  conv=True  (0.0s)
  f=  100.0 Hz  kappa=  0.0909  QFI=  29.6218  N= 20  conv=True  (0.0s)
  f=   68.1 Hz  kappa=  0.2008  QFI=  29.6218  N= 20  conv=True  (0.0s)
  f=   46.4 Hz  kappa=  0.4379  QFI=  29.6218  N= 20  conv=True  (0.0s)
  f=   31.6 Hz  kappa=  0.9488  QFI=  29.6218  N= 20  conv=True  (0.0s)
  f=   21.5 Hz  kappa=  2.0495  QFI=  29.6218  N= 20  conv=True  (0.0s)
  f=   14.7 Hz  kappa=  4.4209  QFI=  29.6218  N= 20  conv=True  (0.0s)
  f=   10.0 Hz  kappa=  9.5299  QFI=  29.6218  N= 20  conv=True  (0.0s)
figure -> /home/user/LIGO-backaction-simulation/2026-09-07/quantum_sensing/studies/results/ba1_qfi_vs_frequency_paper_pn_noba.png
figure -> /home/user/LIGO-backaction-simulation/2026-09-07/quantum_sensing/studies/results/strain_sql_ba3_full.png
figure -> /home/user/LIGO-backaction-simulation/2026-09-07/quantum_sensing/studies/results/strain_sql_pn_ba1_detection.png
figure -> /home/user/LIGO-backaction-simulation/2026-09-07/quantum_sensing/studies/results/strain_sql_paper_pn_ba1.png
figure -> /home/user/LIGO-backaction-simulation/2026-09-07/quantum_sensing/studies/results/strain_sql_paper_pn_noba.png
