===== injection only=sqz_vac_p =====

sqz_vac_p: <n> = 2.0000
  f= 1000.0 Hz  kappa=  0.0002  QFI=  20.9513  N= 70  conv=True  (0.9s)
  f=  681.3 Hz  kappa=  0.0006  QFI=  20.9513  N= 70  conv=True  (0.3s)
  f=  464.2 Hz  kappa=  0.0021  QFI=  20.9513  N= 70  conv=True  (0.2s)
  f=  316.2 Hz  kappa=  0.0064  QFI=  20.9513  N= 70  conv=True  (0.2s)
  f=  215.4 Hz  kappa=  0.0167  QFI=  20.9513  N= 70  conv=True  (0.4s)
  f=  146.8 Hz  kappa=  0.0400  QFI=  20.9513  N= 70  conv=True  (0.7s)
  f=  100.0 Hz  kappa=  0.0909  QFI=  20.9513  N= 70  conv=True  (1.1s)
  f=   68.1 Hz  kappa=  0.2008  QFI=  20.9513  N= 70  conv=True  (1.2s)
  f=   46.4 Hz  kappa=  0.4379  QFI=  20.9513  N= 70  conv=True  (0.6s)
  f=   31.6 Hz  kappa=  0.9488  QFI=  20.9513  N= 70  conv=True  (0.4s)
  f=   21.5 Hz  kappa=  2.0495  QFI=  20.9513  N= 70  conv=True  (1.3s)
  f=   14.7 Hz  kappa=  4.4209  QFI=  20.9513  N= 70  conv=True  (1.6s)
  f=   10.0 Hz  kappa=  9.5299  QFI=  20.9513  N= 70  conv=True  (0.2s)

<n> scaling at 30 Hz (kappa = 1.055):
  sqz_vac_p     n=  1.0  QFI=  15.7223  N= 40  conv=True
  sqz_vac_p     n=  2.0  QFI=  20.9513  N= 70  conv=True
  sqz_vac_p     n=  5.0  QFI=  28.3700  N=213  conv=True
  sqz_vac_p     n= 10.0  QFI=  32.9378  N=288  conv=True

QFI ~ n^s exponents:
  Coherent           s = -0.000
  Sqz. vac. (x, wrong angle) s = -0.852
  Squeezed vac. (p)  s = 0.322
  Even cat           s = -0.320
  Squeezed cat       s = 0.289
  Fock               s = 0.341
  Optimized (no-BA)  s = 0.450
figure -> /home/user/LIGO-backaction-simulation/2026-09-07/quantum_sensing/studies/results/ba1_qfi_vs_frequency_injection.png
===== ba2_injection only=sqz_vac_p =====

sqz_vac_p: <n> = 2.0000
  f= 1000.0 Hz  kappa=  0.0002  QFI=  20.9513  N= 70  conv=True  (0.5s)
  f=  681.3 Hz  kappa=  0.0006  QFI=  20.9513  N= 70  conv=True  (0.2s)
  f=  464.2 Hz  kappa=  0.0021  QFI=  20.9513  N= 70  conv=True  (0.3s)
  f=  316.2 Hz  kappa=  0.0064  QFI=  20.9513  N= 70  conv=True  (1.0s)
  f=  215.4 Hz  kappa=  0.0167  QFI=  20.9513  N= 70  conv=True  (0.6s)
  f=  146.8 Hz  kappa=  0.0400  QFI=  20.9513  N= 70  conv=True  (0.4s)
  f=  100.0 Hz  kappa=  0.0909  QFI=  20.9513  N= 70  conv=True  (0.7s)
  f=   68.1 Hz  kappa=  0.2008  QFI=  20.9513  N= 70  conv=True  (1.1s)
  f=   46.4 Hz  kappa=  0.4379  QFI=  20.9513  N= 70  conv=True  (1.0s)
  f=   31.6 Hz  kappa=  0.9488  QFI=  20.9513  N= 70  conv=True  (0.8s)
  f=   21.5 Hz  kappa=  2.0495  QFI=  20.9513  N= 70  conv=True  (1.5s)
  f=   14.7 Hz  kappa=  4.4209  QFI=  20.9513  N= 70  conv=True  (0.6s)
  f=   10.0 Hz  kappa=  9.5299  QFI=  20.9513  N= 70  conv=True  (1.1s)

<n> scaling at 30 Hz (kappa = 1.055):
  sqz_vac_p     n=  1.0  QFI=  15.7223  N= 40  conv=True
  sqz_vac_p     n=  2.0  QFI=  20.9513  N= 70  conv=True
  sqz_vac_p     n=  5.0  QFI=  28.3700  N=213  conv=True
  sqz_vac_p     n= 10.0  QFI=  32.9378  N=288  conv=True

QFI ~ n^s exponents:
  Coherent           s = -0.000
  Sqz. vac. (x, wrong angle) s = -0.852
  Squeezed vac. (p)  s = 0.322
  Even cat           s = -0.320
  Squeezed cat       s = 0.289
  Fock               s = 0.341
  Optimized (no-BA)  s = 0.450
figure -> /home/user/LIGO-backaction-simulation/2026-09-07/quantum_sensing/studies/results/ba1_qfi_vs_frequency_ba2_injection.png
===== detection only=sqz_vac_p =====

sqz_vac_p: <n> = 2.0000
  f= 1000.0 Hz  kappa=  0.0002  QFI=  18.8562  N= 70  conv=True  (1.2s)
  f=  681.3 Hz  kappa=  0.0006  QFI=  18.8562  N= 70  conv=True  (0.8s)
  f=  464.2 Hz  kappa=  0.0021  QFI=  18.8561  N= 70  conv=True  (0.5s)
  f=  316.2 Hz  kappa=  0.0064  QFI=  18.8558  N= 70  conv=True  (0.6s)
  f=  215.4 Hz  kappa=  0.0167  QFI=  18.8535  N= 70  conv=True  (0.9s)
  f=  146.8 Hz  kappa=  0.0400  QFI=  18.8406  N= 70  conv=True  (0.7s)
  f=  100.0 Hz  kappa=  0.0909  QFI=  18.7759  N= 70  conv=True  (1.4s)
  f=   68.1 Hz  kappa=  0.2008  QFI=  18.4704  N= 70  conv=True  (2.1s)
  f=   46.4 Hz  kappa=  0.4379  QFI=  17.1526  N= 70  conv=True  (1.5s)
  f=   31.6 Hz  kappa=  0.9488  QFI=  12.8601  N=145  conv=True  (4.5s)
  f=   21.5 Hz  kappa=  2.0495  QFI=   5.9378  N=288  conv=True  (10.5s)
  f=   14.7 Hz  kappa=  4.4209  QFI=   1.6960  N=800  conv=False  (86.3s)
  f=   10.0 Hz  kappa=  9.5299  QFI=   3.3768  N=800  conv=False  (70.7s)

<n> scaling at 30 Hz (kappa = 1.055):
  sqz_vac_p     n=  1.0  QFI=   9.9018  N= 70  conv=True
  sqz_vac_p     n=  2.0  QFI=  11.9631  N=145  conv=True
  sqz_vac_p     n=  5.0  QFI=  14.3041  N=288  conv=True
  sqz_vac_p     n= 10.0  QFI=  15.4913  N=533  conv=True

QFI ~ n^s exponents:
  Coherent           s = -0.000
  Sqz. vac. (x, wrong angle) s = -0.847
  Squeezed vac. (p)  s = 0.194
  Even cat           s = -0.432
  Squeezed cat       s = 0.166
  Fock               s = 0.375
  Optimized (no-BA)  s = 0.442
figure -> /home/user/LIGO-backaction-simulation/2026-09-07/quantum_sensing/studies/results/ba1_qfi_vs_frequency.png

WARNING: 6 unconverged frequency sweep points (N_max=800):
       state      f_hz  kappa_ba      qfi  N_basis  converged  n_target  eta_out loss_config  eta
    coherent 10.000000  9.529880 0.391621      800      False       2.0      0.9         NaN  NaN
         cat 10.000000  9.529880 0.484967      800      False       2.0      0.9         NaN  NaN
        fock 10.000000  9.529880 0.516913      800      False       2.0      0.9         NaN  NaN
opt_fock_sup 10.000000  9.529880 0.564813      800      False       2.0      0.9         NaN  NaN
   sqz_vac_p 14.677993  4.420859 1.696046      800      False       2.0      NaN   detection  0.9
   sqz_vac_p 10.000000  9.529880 3.376763      800      False       2.0      NaN   detection  0.9
===== ba2_detection only=sqz_vac_p =====

sqz_vac_p: <n> = 2.0000
  f= 1000.0 Hz  kappa=  0.0002  QFI=  18.8562  N= 70  conv=True  (1.5s)
  f=  681.3 Hz  kappa=  0.0006  QFI=  18.8562  N= 70  conv=True  (0.9s)
  f=  464.2 Hz  kappa=  0.0021  QFI=  18.8561  N= 70  conv=True  (0.5s)
  f=  316.2 Hz  kappa=  0.0064  QFI=  18.8558  N= 70  conv=True  (1.1s)
  f=  215.4 Hz  kappa=  0.0167  QFI=  18.8535  N= 70  conv=True  (0.4s)
  f=  146.8 Hz  kappa=  0.0400  QFI=  18.8406  N= 70  conv=True  (0.8s)
  f=  100.0 Hz  kappa=  0.0909  QFI=  18.7759  N= 70  conv=True  (0.8s)
  f=   68.1 Hz  kappa=  0.2008  QFI=  18.4704  N= 70  conv=True  (1.5s)
  f=   46.4 Hz  kappa=  0.4379  QFI=  17.1526  N= 70  conv=True  (0.5s)
  f=   31.6 Hz  kappa=  0.9488  QFI=  12.8601  N=145  conv=True  (2.8s)
  f=   21.5 Hz  kappa=  2.0495  QFI=   5.9378  N=288  conv=True  (10.1s)
  f=   14.7 Hz  kappa=  4.4209  QFI=   1.6960  N=800  conv=False  (87.0s)
  f=   10.0 Hz  kappa=  9.5299  QFI=   3.3768  N=800  conv=False  (73.0s)

<n> scaling at 30 Hz (kappa = 1.055):
  sqz_vac_p     n=  1.0  QFI=   9.9018  N= 70  conv=True
  sqz_vac_p     n=  2.0  QFI=  11.9631  N=145  conv=True
  sqz_vac_p     n=  5.0  QFI=  14.3041  N=288  conv=True
  sqz_vac_p     n= 10.0  QFI=  15.4913  N=533  conv=True

QFI ~ n^s exponents:
  Coherent           s = -0.000
  Sqz. vac. (x, wrong angle) s = -0.847
  Squeezed vac. (p)  s = 0.194
  Even cat           s = -0.432
  Squeezed cat       s = 0.166
  Fock               s = 0.375
  Optimized (no-BA)  s = 0.442
figure -> /home/user/LIGO-backaction-simulation/2026-09-07/quantum_sensing/studies/results/ba1_qfi_vs_frequency_ba2_detection.png

WARNING: 6 unconverged frequency sweep points (N_max=800):
       state      f_hz  kappa_ba      qfi  N_basis  converged  n_target   loss_config  eta
    coherent 10.000000  9.529880 0.391621      800      False       2.0 ba2_detection  0.9
         cat 10.000000  9.529880 0.484967      800      False       2.0 ba2_detection  0.9
        fock 10.000000  9.529880 0.516913      800      False       2.0 ba2_detection  0.9
opt_fock_sup 10.000000  9.529880 0.564813      800      False       2.0 ba2_detection  0.9
   sqz_vac_p 14.677993  4.420859 1.696046      800      False       2.0 ba2_detection  0.9
   sqz_vac_p 10.000000  9.529880 3.376763      800      False       2.0 ba2_detection  0.9
===== pn_ba1_detection only=sqz_vac_p =====

sqz_vac_p: <n> = 2.0000
  f= 1000.0 Hz  kappa=  0.0002  QFI=  14.4765  N= 70  conv=True  (1.0s)
  f=  681.3 Hz  kappa=  0.0006  QFI=  14.4765  N= 70  conv=True  (0.9s)
  f=  464.2 Hz  kappa=  0.0021  QFI=  14.4765  N= 70  conv=True  (0.6s)
  f=  316.2 Hz  kappa=  0.0064  QFI=  14.4763  N= 70  conv=True  (0.7s)
  f=  215.4 Hz  kappa=  0.0167  QFI=  14.4747  N= 70  conv=True  (0.7s)
  f=  146.8 Hz  kappa=  0.0400  QFI=  14.4658  N= 70  conv=True  (0.6s)
  f=  100.0 Hz  kappa=  0.0909  QFI=  14.4216  N= 70  conv=True  (0.6s)
  f=   68.1 Hz  kappa=  0.2008  QFI=  14.2131  N= 70  conv=True  (0.5s)
  f=   46.4 Hz  kappa=  0.4379  QFI=  13.3211  N= 70  conv=True  (0.6s)
  f=   31.6 Hz  kappa=  0.9488  QFI=  10.4125  N=145  conv=True  (2.0s)
  f=   21.5 Hz  kappa=  2.0495  QFI=   5.2919  N=288  conv=True  (10.6s)
  f=   14.7 Hz  kappa=  4.4209  QFI=   1.6332  N=800  conv=False  (87.4s)
  f=   10.0 Hz  kappa=  9.5299  QFI=   1.6876  N=800  conv=False  (72.9s)

<n> scaling at 30 Hz (kappa = 1.055):
  sqz_vac_p     n=  1.0  QFI=   8.8555  N=115  conv=True
  sqz_vac_p     n=  2.0  QFI=   9.7892  N=145  conv=True
  sqz_vac_p     n=  5.0  QFI=   9.7112  N=288  conv=True
  sqz_vac_p     n= 10.0  QFI=   8.7094  N=533  conv=True

QFI ~ n^s exponents:
  Coherent           s = -0.106
  Sqz. vac. (x, wrong angle) s = -0.607
  Squeezed vac. (p)  s = -0.007
  Even cat           s = -0.528
  Squeezed cat       s = -0.052
  Fock               s = 0.375
  Optimized (no-BA)  s = 0.443
figure -> /home/user/LIGO-backaction-simulation/2026-09-07/quantum_sensing/studies/results/ba1_qfi_vs_frequency_pn_ba1_detection.png

WARNING: 8 unconverged frequency sweep points (N_max=800):
       state      f_hz  kappa_ba      qfi  N_basis  converged  n_target      loss_config  eta
    coherent 10.000000  9.529880 0.388618      800      False       2.0 pn_ba1_detection  0.9
     sqz_vac 10.000000  9.529880 0.276567      800      False       2.0 pn_ba1_detection  0.9
         cat 10.000000  9.529880 0.474806      800      False       2.0 pn_ba1_detection  0.9
     sqz_cat 10.000000  9.529880 0.332950      800      False       2.0 pn_ba1_detection  0.9
        fock 10.000000  9.529880 0.516913      800      False       2.0 pn_ba1_detection  0.9
opt_fock_sup 10.000000  9.529880 0.550417      800      False       2.0 pn_ba1_detection  0.9
   sqz_vac_p 14.677993  4.420859 1.633223      800      False       2.0 pn_ba1_detection  0.9
   sqz_vac_p 10.000000  9.529880 1.687645      800      False       2.0 pn_ba1_detection  0.9
===== ba3_full only=sqz_vac_p =====

sqz_vac_p: <n> = 2.0000
  f= 1000.0 Hz  kappa=  0.0002  QFI=  14.9836  N= 70  conv=True  (3.1s)
  f=  681.3 Hz  kappa=  0.0006  QFI=  14.9836  N= 70  conv=True  (1.4s)
  f=  464.2 Hz  kappa=  0.0021  QFI=  14.9836  N= 70  conv=True  (1.3s)
  f=  316.2 Hz  kappa=  0.0064  QFI=  14.9833  N= 70  conv=True  (1.4s)
  f=  215.4 Hz  kappa=  0.0167  QFI=  14.9818  N= 70  conv=True  (1.5s)
  f=  146.8 Hz  kappa=  0.0400  QFI=  14.9734  N= 70  conv=True  (1.3s)
  f=  100.0 Hz  kappa=  0.0909  QFI=  14.9311  N= 70  conv=True  (1.3s)
  f=   68.1 Hz  kappa=  0.2008  QFI=  14.7308  N= 70  conv=True  (1.1s)
  f=   46.4 Hz  kappa=  0.4379  QFI=  13.8531  N= 70  conv=True  (1.2s)
  f=   31.6 Hz  kappa=  0.9488  QFI=  10.8334  N=100  conv=True  (6.1s)
  f=   21.5 Hz  kappa=  2.0495  QFI=   5.3753  N=345  conv=True  (37.7s)
  f=   14.7 Hz  kappa=  4.4209  QFI=   1.6080  N=800  conv=False  (274.8s)
  f=   10.0 Hz  kappa=  9.5299  QFI=   0.3694  N=800  conv=False  (200.2s)

<n> scaling at 30 Hz (kappa = 1.055):
  sqz_vac_p     n=  1.0  QFI=   8.7155  N= 70  conv=True
  sqz_vac_p     n=  2.0  QFI=  10.1694  N=145  conv=True
  sqz_vac_p     n=  5.0  QFI=  11.7038  N=288  conv=True
  sqz_vac_p     n= 10.0  QFI=  12.4385  N=431  conv=True

QFI ~ n^s exponents:
  Coherent           s = -0.000
  Sqz. vac. (x, wrong angle) s = -0.842
  Squeezed vac. (p)  s = 0.154
  Even cat           s = -0.390
  Squeezed cat       s = -0.380
  Fock               s = 0.196
  Optimized (no-BA)  s = 0.397
figure -> /home/user/LIGO-backaction-simulation/2026-09-07/quantum_sensing/studies/results/ba1_qfi_vs_frequency_ba3_full.png

WARNING: 6 unconverged frequency sweep points (N_max=800):
       state      f_hz  kappa_ba      qfi  N_basis  converged  n_target loss_config  eta
    coherent 10.000000  9.529880 0.381906      800      False       2.0    ba3_full  0.9
         cat 10.000000  9.529880 0.380209      800      False       2.0    ba3_full  0.9
        fock 10.000000  9.529880 0.411593      800      False       2.0    ba3_full  0.9
opt_fock_sup 10.000000  9.529880 0.411754      800      False       2.0    ba3_full  0.9
   sqz_vac_p 14.677993  4.420859 1.608027      800      False       2.0    ba3_full  0.9
   sqz_vac_p 10.000000  9.529880 0.369409      800      False       2.0    ba3_full  0.9
figure -> /home/user/LIGO-backaction-simulation/2026-09-07/quantum_sensing/studies/results/strain_sql_ba3_full.png
figure -> /home/user/LIGO-backaction-simulation/2026-09-07/quantum_sensing/studies/results/strain_sql_pn_ba1_detection.png
